[{
    "first_name" : "",
    "middle" : "",
    "last_name_company_name" : "AAA MEDICAL EQUIPMENT",
    "term_date" : "02/12/2007",
    "specialty" : "",
    "npi_number" : "1043237795"
},{
    "first_name" : "",
    "middle" : "",
    "last_name_company_name" : "TRINITY SOCIAL SERV INC",
    "term_date" : "04/25/2015",
    "specialty" : "",
    "npi_number" : ""
}]
