[{
    "vendor_id" : "",
    "firm_name" : "",
    "firm_street" : "",
    "firm_city" : "",
    "firm_state" : "",
    "firm_zip" : "", 
    "firm_plus4" : "",
    "provider_number" : "",
    "npi" : "",
    "name" : "ABARCA, CHERYL R., L.P.N.", 
    "street" : "528 3RD STREET",
    "city" : "NEWARK", 
    "state" : "NJ", 
    "zip" : "7107", 
    "plus4" : "", 
    "category" : "MEDICAL", 
    "action" : "SUSPENSION", 
    "reason" : "K", 
    "debarring_dept" : "54", 
    "debarring_agency" : "7540", 
    "effective_date" : "2005-06-20", 
    "expiration_date" : null, 
    "permanent_debarment" : "N"
},{

    "vendor_id" : "",
    "firm_name" : "",
    "firm_street" : "",
    "firm_city" : "",
    "firm_state" : "",
    "firm_zip" : "", 
    "firm_plus4" : "",
    "provider_number" : "",
    "npi" : "",
    "name" : "Harry Gallo, Secretary", 
    "street" : "245 Emanuel St.",
    "city" : "Trenton", 
    "state" : "NJ", 
    "zip" : "8610", 
    "plus4" : "", 
    "category" : "CONSTRUCTION", 
    "action" : "DEBARMENT", 
    "reason" : "F", 
    "debarring_dept" : "62", 
    "debarring_agency" : "4550", 
    "effective_date" : "2016-04-05", 
    "expiration_date" : "2019-04-04", 
    "permanent_debarment" : "N"
}]
