[{
    "last_name" : "Abdullahi",
    "first_name" : "Kareemah",
    "organization_name" : "",
    "date_of_birth" : "1984-05-30",
    "npi" : "",
    "provider_id_2" : "",
    "address1" : "P.O. Box 18241",
    "address2" : "",
    "city" : "Cleveland Heights",
    "state" : "OH",
    "zip_code" : "44118",
    "provider_id" : "2704667",
    "status" : "Excluded",
    "action_date" : "2013-06-21",
    "date_added" : "2016-04-22",
    "provider_type" : "Health Care Aide",
    "date_revised" : null
},{
    "last_name" : "",
    "first_name" : "",
    "organization_name" : "Yama Transportation",
    "date_of_birth" : null,
    "npi" : "",
    "provider_id_2" : "",
    "address1" : "2275 Country Square Lane",
    "address2" : "",
    "city" : "Toledo",
    "state" : "OH",
    "zip_code" : "43615",
    "provider_id" : "0083754",
    "status" : "Suspended",
    "action_date" : "2014-05-13",
    "date_added" : "2014-05-16",
    "provider_type" : "Waivered Services Organization",
    "date_revised" : null
}]