[{
    "ProviderName" : "G.H. Stokes Associates, Inc.",
    "LicenseNumber" : "",
    "Status" : "Terminated",
    "BeginDate" : "1997-09-03",
    "EndDate" : null,
    "CAO" : "Chester",
    "ListDate" : "1998-05-01",
    "IND_DELTD" : "0",
    "TXT_REASON_DELTD" : "",
    "DTE_DELTD" : null,
    "IND_CHGD" : "0",
    "DTE_CHANGE_LAST" : "0000-00-00", 
    "NAM_LAST_PROVR" : "fdaafd", 
    "NAM_FIRST_PROVR" : "", 
    "NAM_MIDDLE_PROVR" : "", 
    "NAM_TITLE_PROVR" : "", 
    "NAM_SUFFIX_PROVR" : "", 
    "NAM_PROVR_ALT" : "", 
    "NAM_BUSNS_MP" : "G.H. Stokes Associates, Inc.", 
    "IDN_NPI" : "", 
    "TXT_CMT" : ""    
},{
    "ProviderName" : "Gennaro, Phillip Michael Respiratory Care",
    "LicenseNumber" : "YO000360L",
    "Status" : "Precluded",
    "BeginDate" : "2006-08-20",
    "EndDate" : null,
    "CAO" : "Allegheny County",
    "ListDate" : "2006-09-28",
    "IND_DELTD" : "0",
    "TXT_REASON_DELTD" : "",
    "DTE_DELTD" : null,
    "IND_CHGD" : "0",
    "DTE_CHANGE_LAST" : "0000-00-00", 
    "NAM_LAST_PROVR" : "Gennaro", 
    "NAM_FIRST_PROVR" : "Phillip", 
    "NAM_MIDDLE_PROVR" : "Michael", 
    "NAM_TITLE_PROVR" : "Respiratory Care Practitioner", 
    "NAM_SUFFIX_PROVR" : "", 
    "NAM_PROVR_ALT" : "", 
    "NAM_BUSNS_MP" : "", 
    "IDN_NPI" : "", 
    "TXT_CMT" : ""

}]
