[
  {
    "Classification": "Individual",
    "Name": "",
    "Prefix": "",
    "First": "",
    "Middle": "",
    "Last": "AHMED THE TANZANIAN",
    "Suffix": "",
    "Address_1": "",
    "Address_2": "",
    "Address_3": "",
    "Address_4": "",
    "City": "",
    "State": "XX",
    "Country": "USA",
    "Zip": "",
    "DUNS": "",
    "Exclusion_Program": "Reciprocal",
    "Excluding_Agency": "TREAS-OFAC",
    "CT_Code": "03-SDGT-01",
    "Exclusion_Type": "Prohibition/Restriction",
    "Additional_Comments": "PII data has been masked from view",
    "Active_Date": "",
    "Termination_Date": "Indefinite",
    "Record_Status": "",
    "Cross_Reference": "(also AHMAD KHALAFAN GHILANI, AHMED KHALFAN AHMED, ABUBAKAR AHMED, A. AHMED, ABUBAKAR KHALFAN AHMED, AHMED GHAILANI, ABU KHABAR, ABU BAKR, ABUBAKARY KHALFAN AHMED GHAILANI, SHARIFF OMAR MOHAMMED, \"\"FOOPIE\"\", \"\"FUPI\"\", AHMED KHALFAN GHAILANI, MAHAFUDH ABUBAKAR AHMED ABDALLAH HUSSEIN, AHMAD AL TANZANI, AHMED KHALFAN, AHMED KHALFAN ALI, ABU BAKR AHMAD, ABUBAKAR K. AHMED, ABUBAKARY K. AHMED)",
    "SAM_Number": "S4MR3R7D6"
  },
  {
    "Classification": "Special Entity Designation",
    "Name": "ZWOLLE MEDICAL CLINIC",
    "Prefix": "",
    "First": "",
    "Middle": "",
    "Last": "",
    "Suffix": "",
    "Address_1": "2114 OBRIE ST",
    "Address_2": "",
    "Address_3": "",
    "Address_4": "",
    "City": "ZWOLLE",
    "State": "LA",
    "Country": "USA",
    "Zip": 71486,
    "DUNS": 121439327,
    "Exclusion_Program": "Reciprocal",
    "Excluding_Agency": "HHS",
    "CT_Code": "Z1",
    "Exclusion_Type": "Prohibition/Restriction",
    "Additional_Comments": "Excluded by the Department of Health and Human Services from participation in all Federal health care programs pursuant to 42 U.S.C. ? 1320a-7 or other sections of the Social Security Act, as amended and codified in Chapter 7 of Title 42 of the United States Code (the scope and effect of Federal health care program exclusions is described in 42 C.F.R. ? 1001.1901).",
    "Active_Date": "12/20/2009",
    "Termination_Date": "Indefinite",
    "Record_Status": "",
    "Cross_Reference": "",
    "SAM_Number": "S4MR3MN65"
  }
]