[{
    "last_name" : "Foster",
    "first_name" : "Allen",
    "middle_name" : "R.",
    "npi" : "1326132572",
    "begin_date" : "2012-03-20",
    "end_date" : null,
    "reason" : "Felony conviction"
},{
    "last_name" : "The Rainbow Center of Children & Adolescent",
    "first_name" : "",
    "middle_name" : "",
    "npi" : "1073705141",
    "begin_date" : "2016-03-31",
    "end_date" : null,
    "reason" : "Violation of the contract."
}]