[{
    "dataid" : "6908443",
    "first_name" : "'ABD AL-MALIK",
    "second_name" : "MUHAMMAD",
    "third_name" : "YUSUF",
    "fourth_name" : "'UTHMAN 'ABD AL-SALAM",
    "un_list_type" : "Al-Qaida",
    "reference_number" : "QDi.346",
    "listed_on" : "2015-01-23",
    "nationality" : "Jordan",
    "nationality2" : "",
    "designation" : "",
    "last_updated" : "0000-00-00",
    "alias" : "'Abd al-Malik Muhammad Yusif 'Abd-al-Salam; 'Umar al-Qatari; 'Umar al-Tayyar",
    "address" : "",
    "date_of_birth" : "1989-07-13",
    "place_of_birth" : "",
    "comments" : "Facilitator who provides financial, material, and technological support\n            for Al-Qaida (QDe.004) and Al-Nusrah Front for the People of the Levant\n            (QDe.137)."
},{
    "dataid" : "2959427",
    "first_name" : "SAID JAN",
    "second_name" : "â€˜ABD AL-SALAM",
    "third_name" : "",
    "fourth_name" : "",
    "un_list_type" : "Al-Qaida",
    "reference_number" : "QDi.289",
    "listed_on" : "2011-02-09",
    "nationality" : "Afghanistan",
    "nationality2" : "",
    "designation" : "",
    "last_updated" : "0000-00-00",
    "alias" : "Sa'id Jan 'Abd-al-Salam; Dilawar Khan Zain Khan; Qazi 'Abdallah; Qazi Abdullah; Ibrahim Walid; Qasi Sa'id Jan; Said Jhan; Farhan Khan; Aziz Cairo; Nangiali",
    "address" : "",
    "date_of_birth" : "1981-02-05; 1972-01-01",
    "place_of_birth" : "",
    "comments" : "In approximately 2005, ran a \"basic training\" camp for Al-Qaida (QDe.004)\n            in Pakistan."
}]
